Archive member included because of file (symbol)

f:/courses online/embededd systmes/imt_school/01-imt_avr_diploma/03- imt_tools/imt tools/sdk/imt_sdk_win_64/winavr/bin/../lib/gcc/avr/4.3.3/avr5\libgcc.a(_mulsi3.o)
                              ./TIMER1_program.o (__mulsi3)
f:/courses online/embededd systmes/imt_school/01-imt_avr_diploma/03- imt_tools/imt tools/sdk/imt_sdk_win_64/winavr/bin/../lib/gcc/avr/4.3.3/avr5\libgcc.a(_udivmodhi4.o)
                              ./LCD_program.o (__udivmodhi4)
f:/courses online/embededd systmes/imt_school/01-imt_avr_diploma/03- imt_tools/imt tools/sdk/imt_sdk_win_64/winavr/bin/../lib/gcc/avr/4.3.3/avr5\libgcc.a(_udivmodsi4.o)
                              ./TIMER1_program.o (__udivmodsi4)
f:/courses online/embededd systmes/imt_school/01-imt_avr_diploma/03- imt_tools/imt tools/sdk/imt_sdk_win_64/winavr/bin/../lib/gcc/avr/4.3.3/avr5\libgcc.a(_exit.o)
                              f:/courses online/embededd systmes/imt_school/01-imt_avr_diploma/03- imt_tools/imt tools/sdk/imt_sdk_win_64/winavr/bin/../lib/gcc/avr/4.3.3/../../../../avr/lib/avr5/crtm32.o (exit)
f:/courses online/embededd systmes/imt_school/01-imt_avr_diploma/03- imt_tools/imt tools/sdk/imt_sdk_win_64/winavr/bin/../lib/gcc/avr/4.3.3/avr5\libgcc.a(_copy_data.o)
                              ./LCD_program.o (__do_copy_data)
f:/courses online/embededd systmes/imt_school/01-imt_avr_diploma/03- imt_tools/imt tools/sdk/imt_sdk_win_64/winavr/bin/../lib/gcc/avr/4.3.3/avr5\libgcc.a(_clear_bss.o)
                              ./EXIT_program.o (__do_clear_bss)
f:/courses online/embededd systmes/imt_school/01-imt_avr_diploma/03- imt_tools/imt tools/sdk/imt_sdk_win_64/winavr/bin/../lib/gcc/avr/4.3.3/avr5\libgcc.a(_fixunssfsi.o)
                              ./LCD_program.o (__fixunssfsi)
f:/courses online/embededd systmes/imt_school/01-imt_avr_diploma/03- imt_tools/imt tools/sdk/imt_sdk_win_64/winavr/bin/../lib/gcc/avr/4.3.3/avr5\libgcc.a(_addsub_sf.o)
                              f:/courses online/embededd systmes/imt_school/01-imt_avr_diploma/03- imt_tools/imt tools/sdk/imt_sdk_win_64/winavr/bin/../lib/gcc/avr/4.3.3/avr5\libgcc.a(_fixunssfsi.o) (__subsf3)
f:/courses online/embededd systmes/imt_school/01-imt_avr_diploma/03- imt_tools/imt tools/sdk/imt_sdk_win_64/winavr/bin/../lib/gcc/avr/4.3.3/avr5\libgcc.a(_mul_sf.o)
                              ./LCD_program.o (__mulsf3)
f:/courses online/embededd systmes/imt_school/01-imt_avr_diploma/03- imt_tools/imt tools/sdk/imt_sdk_win_64/winavr/bin/../lib/gcc/avr/4.3.3/avr5\libgcc.a(_gt_sf.o)
                              ./LCD_program.o (__gtsf2)
f:/courses online/embededd systmes/imt_school/01-imt_avr_diploma/03- imt_tools/imt tools/sdk/imt_sdk_win_64/winavr/bin/../lib/gcc/avr/4.3.3/avr5\libgcc.a(_ge_sf.o)
                              f:/courses online/embededd systmes/imt_school/01-imt_avr_diploma/03- imt_tools/imt tools/sdk/imt_sdk_win_64/winavr/bin/../lib/gcc/avr/4.3.3/avr5\libgcc.a(_fixunssfsi.o) (__gesf2)
f:/courses online/embededd systmes/imt_school/01-imt_avr_diploma/03- imt_tools/imt tools/sdk/imt_sdk_win_64/winavr/bin/../lib/gcc/avr/4.3.3/avr5\libgcc.a(_lt_sf.o)
                              ./LCD_program.o (__ltsf2)
f:/courses online/embededd systmes/imt_school/01-imt_avr_diploma/03- imt_tools/imt tools/sdk/imt_sdk_win_64/winavr/bin/../lib/gcc/avr/4.3.3/avr5\libgcc.a(_sf_to_si.o)
                              f:/courses online/embededd systmes/imt_school/01-imt_avr_diploma/03- imt_tools/imt tools/sdk/imt_sdk_win_64/winavr/bin/../lib/gcc/avr/4.3.3/avr5\libgcc.a(_fixunssfsi.o) (__fixsfsi)
f:/courses online/embededd systmes/imt_school/01-imt_avr_diploma/03- imt_tools/imt tools/sdk/imt_sdk_win_64/winavr/bin/../lib/gcc/avr/4.3.3/avr5\libgcc.a(_thenan_sf.o)
                              f:/courses online/embededd systmes/imt_school/01-imt_avr_diploma/03- imt_tools/imt tools/sdk/imt_sdk_win_64/winavr/bin/../lib/gcc/avr/4.3.3/avr5\libgcc.a(_addsub_sf.o) (__thenan_sf)
f:/courses online/embededd systmes/imt_school/01-imt_avr_diploma/03- imt_tools/imt tools/sdk/imt_sdk_win_64/winavr/bin/../lib/gcc/avr/4.3.3/avr5\libgcc.a(_usi_to_sf.o)
                              ./LCD_program.o (__floatunsisf)
f:/courses online/embededd systmes/imt_school/01-imt_avr_diploma/03- imt_tools/imt tools/sdk/imt_sdk_win_64/winavr/bin/../lib/gcc/avr/4.3.3/avr5\libgcc.a(_prologue.o)
                              f:/courses online/embededd systmes/imt_school/01-imt_avr_diploma/03- imt_tools/imt tools/sdk/imt_sdk_win_64/winavr/bin/../lib/gcc/avr/4.3.3/avr5\libgcc.a(_addsub_sf.o) (__prologue_saves__)
f:/courses online/embededd systmes/imt_school/01-imt_avr_diploma/03- imt_tools/imt tools/sdk/imt_sdk_win_64/winavr/bin/../lib/gcc/avr/4.3.3/avr5\libgcc.a(_epilogue.o)
                              f:/courses online/embededd systmes/imt_school/01-imt_avr_diploma/03- imt_tools/imt tools/sdk/imt_sdk_win_64/winavr/bin/../lib/gcc/avr/4.3.3/avr5\libgcc.a(_addsub_sf.o) (__epilogue_restores__)
f:/courses online/embededd systmes/imt_school/01-imt_avr_diploma/03- imt_tools/imt tools/sdk/imt_sdk_win_64/winavr/bin/../lib/gcc/avr/4.3.3/avr5\libgcc.a(_clzsi2.o)
                              f:/courses online/embededd systmes/imt_school/01-imt_avr_diploma/03- imt_tools/imt tools/sdk/imt_sdk_win_64/winavr/bin/../lib/gcc/avr/4.3.3/avr5\libgcc.a(_usi_to_sf.o) (__clzsi2)
f:/courses online/embededd systmes/imt_school/01-imt_avr_diploma/03- imt_tools/imt tools/sdk/imt_sdk_win_64/winavr/bin/../lib/gcc/avr/4.3.3/avr5\libgcc.a(_pack_sf.o)
                              f:/courses online/embededd systmes/imt_school/01-imt_avr_diploma/03- imt_tools/imt tools/sdk/imt_sdk_win_64/winavr/bin/../lib/gcc/avr/4.3.3/avr5\libgcc.a(_addsub_sf.o) (__pack_f)
f:/courses online/embededd systmes/imt_school/01-imt_avr_diploma/03- imt_tools/imt tools/sdk/imt_sdk_win_64/winavr/bin/../lib/gcc/avr/4.3.3/avr5\libgcc.a(_unpack_sf.o)
                              f:/courses online/embededd systmes/imt_school/01-imt_avr_diploma/03- imt_tools/imt tools/sdk/imt_sdk_win_64/winavr/bin/../lib/gcc/avr/4.3.3/avr5\libgcc.a(_addsub_sf.o) (__unpack_f)
f:/courses online/embededd systmes/imt_school/01-imt_avr_diploma/03- imt_tools/imt tools/sdk/imt_sdk_win_64/winavr/bin/../lib/gcc/avr/4.3.3/avr5\libgcc.a(_fpcmp_parts_sf.o)
                              f:/courses online/embededd systmes/imt_school/01-imt_avr_diploma/03- imt_tools/imt tools/sdk/imt_sdk_win_64/winavr/bin/../lib/gcc/avr/4.3.3/avr5\libgcc.a(_gt_sf.o) (__fpcmp_parts_f)
f:/courses online/embededd systmes/imt_school/01-imt_avr_diploma/03- imt_tools/imt tools/sdk/imt_sdk_win_64/winavr/bin/../lib/gcc/avr/4.3.3/avr5\libgcc.a(_clz.o)
                              f:/courses online/embededd systmes/imt_school/01-imt_avr_diploma/03- imt_tools/imt tools/sdk/imt_sdk_win_64/winavr/bin/../lib/gcc/avr/4.3.3/avr5\libgcc.a(_clzsi2.o) (__clz_tab)

Memory Configuration

Name             Origin             Length             Attributes
text             0x00000000         0x00020000         xr
data             0x00800060         0x0000ffa0         rw !x
eeprom           0x00810000         0x00010000         rw !x
fuse             0x00820000         0x00000400         rw !x
lock             0x00830000         0x00000400         rw !x
signature        0x00840000         0x00000400         rw !x
*default*        0x00000000         0xffffffff

Linker script and memory map

LOAD f:/courses online/embededd systmes/imt_school/01-imt_avr_diploma/03- imt_tools/imt tools/sdk/imt_sdk_win_64/winavr/bin/../lib/gcc/avr/4.3.3/../../../../avr/lib/avr5/crtm32.o
LOAD ./DIO_program.o
LOAD ./EXIT_program.o
LOAD ./GIE_program.o
LOAD ./LCD_program.o
LOAD ./TIMER0_program.o
LOAD ./TIMER1_program.o
LOAD ./main.o
LOAD f:/courses online/embededd systmes/imt_school/01-imt_avr_diploma/03- imt_tools/imt tools/sdk/imt_sdk_win_64/winavr/bin/../lib/gcc/avr/4.3.3/avr5\libgcc.a
LOAD f:/courses online/embededd systmes/imt_school/01-imt_avr_diploma/03- imt_tools/imt tools/sdk/imt_sdk_win_64/winavr/bin/../lib/gcc/avr/4.3.3/../../../../avr/lib/avr5\libc.a
LOAD f:/courses online/embededd systmes/imt_school/01-imt_avr_diploma/03- imt_tools/imt tools/sdk/imt_sdk_win_64/winavr/bin/../lib/gcc/avr/4.3.3/avr5\libgcc.a

.hash
 *(.hash)

.dynsym
 *(.dynsym)

.dynstr
 *(.dynstr)

.gnu.version
 *(.gnu.version)

.gnu.version_d
 *(.gnu.version_d)

.gnu.version_r
 *(.gnu.version_r)

.rel.init
 *(.rel.init)

.rela.init
 *(.rela.init)

.rel.text
 *(.rel.text)
 *(.rel.text.*)
 *(.rel.gnu.linkonce.t*)

.rela.text
 *(.rela.text)
 *(.rela.text.*)
 *(.rela.gnu.linkonce.t*)

.rel.fini
 *(.rel.fini)

.rela.fini
 *(.rela.fini)

.rel.rodata
 *(.rel.rodata)
 *(.rel.rodata.*)
 *(.rel.gnu.linkonce.r*)

.rela.rodata
 *(.rela.rodata)
 *(.rela.rodata.*)
 *(.rela.gnu.linkonce.r*)

.rel.data
 *(.rel.data)
 *(.rel.data.*)
 *(.rel.gnu.linkonce.d*)

.rela.data
 *(.rela.data)
 *(.rela.data.*)
 *(.rela.gnu.linkonce.d*)

.rel.ctors
 *(.rel.ctors)

.rela.ctors
 *(.rela.ctors)

.rel.dtors
 *(.rel.dtors)

.rela.dtors
 *(.rela.dtors)

.rel.got
 *(.rel.got)

.rela.got
 *(.rela.got)

.rel.bss
 *(.rel.bss)

.rela.bss
 *(.rela.bss)

.rel.plt
 *(.rel.plt)

.rela.plt
 *(.rela.plt)

.text           0x00000000     0x3c5c
 *(.vectors)
 .vectors       0x00000000       0x54 f:/courses online/embededd systmes/imt_school/01-imt_avr_diploma/03- imt_tools/imt tools/sdk/imt_sdk_win_64/winavr/bin/../lib/gcc/avr/4.3.3/../../../../avr/lib/avr5/crtm32.o
                0x00000000                __vectors
                0x00000000                __vector_default
 *(.vectors)
 *(.progmem.gcc*)
 *(.progmem*)
                0x00000054                . = ALIGN (0x2)
                0x00000054                __trampolines_start = .
 *(.trampolines)
 .trampolines   0x00000054        0x0 linker stubs
 *(.trampolines*)
                0x00000054                __trampolines_end = .
 *(.jumptables)
 *(.jumptables*)
 *(.lowtext)
 *(.lowtext*)
                0x00000054                __ctors_start = .
 *(.ctors)
                0x00000054                __ctors_end = .
                0x00000054                __dtors_start = .
 *(.dtors)
                0x00000054                __dtors_end = .
 SORT(*)(.ctors)
 SORT(*)(.dtors)
 *(.init0)
 .init0         0x00000054        0x0 f:/courses online/embededd systmes/imt_school/01-imt_avr_diploma/03- imt_tools/imt tools/sdk/imt_sdk_win_64/winavr/bin/../lib/gcc/avr/4.3.3/../../../../avr/lib/avr5/crtm32.o
                0x00000054                __init
 *(.init0)
 *(.init1)
 *(.init1)
 *(.init2)
 .init2         0x00000054        0xc f:/courses online/embededd systmes/imt_school/01-imt_avr_diploma/03- imt_tools/imt tools/sdk/imt_sdk_win_64/winavr/bin/../lib/gcc/avr/4.3.3/../../../../avr/lib/avr5/crtm32.o
 *(.init2)
 *(.init3)
 *(.init3)
 *(.init4)
 .init4         0x00000060       0x16 f:/courses online/embededd systmes/imt_school/01-imt_avr_diploma/03- imt_tools/imt tools/sdk/imt_sdk_win_64/winavr/bin/../lib/gcc/avr/4.3.3/avr5\libgcc.a(_copy_data.o)
                0x00000060                __do_copy_data
 .init4         0x00000076       0x10 f:/courses online/embededd systmes/imt_school/01-imt_avr_diploma/03- imt_tools/imt tools/sdk/imt_sdk_win_64/winavr/bin/../lib/gcc/avr/4.3.3/avr5\libgcc.a(_clear_bss.o)
                0x00000076                __do_clear_bss
 *(.init4)
 *(.init5)
 *(.init5)
 *(.init6)
 *(.init6)
 *(.init7)
 *(.init7)
 *(.init8)
 *(.init8)
 *(.init9)
 .init9         0x00000086        0x8 f:/courses online/embededd systmes/imt_school/01-imt_avr_diploma/03- imt_tools/imt tools/sdk/imt_sdk_win_64/winavr/bin/../lib/gcc/avr/4.3.3/../../../../avr/lib/avr5/crtm32.o
 *(.init9)
 *(.text)
 .text          0x0000008e        0x4 f:/courses online/embededd systmes/imt_school/01-imt_avr_diploma/03- imt_tools/imt tools/sdk/imt_sdk_win_64/winavr/bin/../lib/gcc/avr/4.3.3/../../../../avr/lib/avr5/crtm32.o
                0x0000008e                __vector_12
                0x0000008e                __bad_interrupt
                0x0000008e                __vector_13
                0x0000008e                __vector_17
                0x0000008e                __vector_19
                0x0000008e                __vector_5
                0x0000008e                __vector_4
                0x0000008e                __vector_15
                0x0000008e                __vector_14
                0x0000008e                __vector_16
                0x0000008e                __vector_18
                0x0000008e                __vector_20
 .text          0x00000092        0x0 ./DIO_program.o
 .text          0x00000092        0x0 ./EXIT_program.o
 .text          0x00000092        0x0 ./GIE_program.o
 .text          0x00000092        0x0 ./LCD_program.o
 .text          0x00000092        0x0 ./TIMER0_program.o
 .text          0x00000092        0x0 ./TIMER1_program.o
 .text          0x00000092        0x0 ./main.o
 .text          0x00000092        0x0 f:/courses online/embededd systmes/imt_school/01-imt_avr_diploma/03- imt_tools/imt tools/sdk/imt_sdk_win_64/winavr/bin/../lib/gcc/avr/4.3.3/avr5\libgcc.a(_mulsi3.o)
 .text          0x00000092        0x0 f:/courses online/embededd systmes/imt_school/01-imt_avr_diploma/03- imt_tools/imt tools/sdk/imt_sdk_win_64/winavr/bin/../lib/gcc/avr/4.3.3/avr5\libgcc.a(_udivmodhi4.o)
 .text          0x00000092        0x0 f:/courses online/embededd systmes/imt_school/01-imt_avr_diploma/03- imt_tools/imt tools/sdk/imt_sdk_win_64/winavr/bin/../lib/gcc/avr/4.3.3/avr5\libgcc.a(_udivmodsi4.o)
 .text          0x00000092        0x0 f:/courses online/embededd systmes/imt_school/01-imt_avr_diploma/03- imt_tools/imt tools/sdk/imt_sdk_win_64/winavr/bin/../lib/gcc/avr/4.3.3/avr5\libgcc.a(_exit.o)
 .text          0x00000092        0x0 f:/courses online/embededd systmes/imt_school/01-imt_avr_diploma/03- imt_tools/imt tools/sdk/imt_sdk_win_64/winavr/bin/../lib/gcc/avr/4.3.3/avr5\libgcc.a(_copy_data.o)
 .text          0x00000092        0x0 f:/courses online/embededd systmes/imt_school/01-imt_avr_diploma/03- imt_tools/imt tools/sdk/imt_sdk_win_64/winavr/bin/../lib/gcc/avr/4.3.3/avr5\libgcc.a(_clear_bss.o)
 .text          0x00000092       0x58 f:/courses online/embededd systmes/imt_school/01-imt_avr_diploma/03- imt_tools/imt tools/sdk/imt_sdk_win_64/winavr/bin/../lib/gcc/avr/4.3.3/avr5\libgcc.a(_fixunssfsi.o)
                0x00000092                __fixunssfsi
 .text          0x000000ea      0x354 f:/courses online/embededd systmes/imt_school/01-imt_avr_diploma/03- imt_tools/imt tools/sdk/imt_sdk_win_64/winavr/bin/../lib/gcc/avr/4.3.3/avr5\libgcc.a(_addsub_sf.o)
                0x00000382                __subsf3
                0x000003e4                __addsf3
 .text          0x0000043e      0x1f4 f:/courses online/embededd systmes/imt_school/01-imt_avr_diploma/03- imt_tools/imt tools/sdk/imt_sdk_win_64/winavr/bin/../lib/gcc/avr/4.3.3/avr5\libgcc.a(_mul_sf.o)
                0x0000043e                __mulsf3
 .text          0x00000632       0x60 f:/courses online/embededd systmes/imt_school/01-imt_avr_diploma/03- imt_tools/imt tools/sdk/imt_sdk_win_64/winavr/bin/../lib/gcc/avr/4.3.3/avr5\libgcc.a(_gt_sf.o)
                0x00000632                __gtsf2
 .text          0x00000692       0x60 f:/courses online/embededd systmes/imt_school/01-imt_avr_diploma/03- imt_tools/imt tools/sdk/imt_sdk_win_64/winavr/bin/../lib/gcc/avr/4.3.3/avr5\libgcc.a(_ge_sf.o)
                0x00000692                __gesf2
 .text          0x000006f2       0x60 f:/courses online/embededd systmes/imt_school/01-imt_avr_diploma/03- imt_tools/imt tools/sdk/imt_sdk_win_64/winavr/bin/../lib/gcc/avr/4.3.3/avr5\libgcc.a(_lt_sf.o)
                0x000006f2                __ltsf2
 .text          0x00000752       0xa8 f:/courses online/embededd systmes/imt_school/01-imt_avr_diploma/03- imt_tools/imt tools/sdk/imt_sdk_win_64/winavr/bin/../lib/gcc/avr/4.3.3/avr5\libgcc.a(_sf_to_si.o)
                0x00000752                __fixsfsi
 .text          0x000007fa        0x0 f:/courses online/embededd systmes/imt_school/01-imt_avr_diploma/03- imt_tools/imt tools/sdk/imt_sdk_win_64/winavr/bin/../lib/gcc/avr/4.3.3/avr5\libgcc.a(_thenan_sf.o)
 .text          0x000007fa       0xf2 f:/courses online/embededd systmes/imt_school/01-imt_avr_diploma/03- imt_tools/imt tools/sdk/imt_sdk_win_64/winavr/bin/../lib/gcc/avr/4.3.3/avr5\libgcc.a(_usi_to_sf.o)
                0x000007fa                __floatunsisf
 .text          0x000008ec        0x0 f:/courses online/embededd systmes/imt_school/01-imt_avr_diploma/03- imt_tools/imt tools/sdk/imt_sdk_win_64/winavr/bin/../lib/gcc/avr/4.3.3/avr5\libgcc.a(_prologue.o)
 .text          0x000008ec        0x0 f:/courses online/embededd systmes/imt_school/01-imt_avr_diploma/03- imt_tools/imt tools/sdk/imt_sdk_win_64/winavr/bin/../lib/gcc/avr/4.3.3/avr5\libgcc.a(_epilogue.o)
 .text          0x000008ec       0x9e f:/courses online/embededd systmes/imt_school/01-imt_avr_diploma/03- imt_tools/imt tools/sdk/imt_sdk_win_64/winavr/bin/../lib/gcc/avr/4.3.3/avr5\libgcc.a(_clzsi2.o)
                0x000008ec                __clzsi2
 .text          0x0000098a      0x1aa f:/courses online/embededd systmes/imt_school/01-imt_avr_diploma/03- imt_tools/imt tools/sdk/imt_sdk_win_64/winavr/bin/../lib/gcc/avr/4.3.3/avr5\libgcc.a(_pack_sf.o)
                0x0000098a                __pack_f
 .text          0x00000b34       0xf0 f:/courses online/embededd systmes/imt_school/01-imt_avr_diploma/03- imt_tools/imt tools/sdk/imt_sdk_win_64/winavr/bin/../lib/gcc/avr/4.3.3/avr5\libgcc.a(_unpack_sf.o)
                0x00000b34                __unpack_f
 .text          0x00000c24       0xb2 f:/courses online/embededd systmes/imt_school/01-imt_avr_diploma/03- imt_tools/imt tools/sdk/imt_sdk_win_64/winavr/bin/../lib/gcc/avr/4.3.3/avr5\libgcc.a(_fpcmp_parts_sf.o)
                0x00000c24                __fpcmp_parts_f
 .text          0x00000cd6        0x0 f:/courses online/embededd systmes/imt_school/01-imt_avr_diploma/03- imt_tools/imt tools/sdk/imt_sdk_win_64/winavr/bin/../lib/gcc/avr/4.3.3/avr5\libgcc.a(_clz.o)
                0x00000cd6                . = ALIGN (0x2)
 *(.text.*)
 .text.DIO_voidSetPinDirection
                0x00000cd6      0x1ea ./DIO_program.o
                0x00000cd6                DIO_voidSetPinDirection
 .text.DIO_voidSetPinValue
                0x00000ec0      0x1ea ./DIO_program.o
                0x00000ec0                DIO_voidSetPinValue
 .text.DIO_u8GetPinValue
                0x000010aa       0xd2 ./DIO_program.o
                0x000010aa                DIO_u8GetPinValue
 .text.DIO_voidSetPortDirection
                0x0000117c       0x82 ./DIO_program.o
                0x0000117c                DIO_voidSetPortDirection
 .text.DIO_voidSetPortValue
                0x000011fe       0x82 ./DIO_program.o
                0x000011fe                DIO_voidSetPortValue
 .text.DIO_voidTogglePin
                0x00001280       0xee ./DIO_program.o
                0x00001280                DIO_voidTogglePin
 .text.DIO_u8GetPortValue
                0x0000136e       0x84 ./DIO_program.o
                0x0000136e                DIO_u8GetPortValue
 .text.EXIT0_voidEnable
                0x000013f2       0x1c ./EXIT_program.o
                0x000013f2                EXIT0_voidEnable
 .text.EXIT0_voidDisable
                0x0000140e       0x1c ./EXIT_program.o
                0x0000140e                EXIT0_voidDisable
 .text.EXIT1_voidEnable
                0x0000142a       0x1c ./EXIT_program.o
                0x0000142a                EXIT1_voidEnable
 .text.EXIT1_voidDisable
                0x00001446       0x1c ./EXIT_program.o
                0x00001446                EXIT1_voidDisable
 .text.EXIT2_voidEnable
                0x00001462       0x1c ./EXIT_program.o
                0x00001462                EXIT2_voidEnable
 .text.EXIT2_voidDisable
                0x0000147e       0x1c ./EXIT_program.o
                0x0000147e                EXIT2_voidDisable
 .text.EXIT0_voidTriggerEdge
                0x0000149a       0xce ./EXIT_program.o
                0x0000149a                EXIT0_voidTriggerEdge
 .text.EXIT1_voidTriggerEdge
                0x00001568       0xce ./EXIT_program.o
                0x00001568                EXIT1_voidTriggerEdge
 .text.EXIT2_voidTriggerEdge
                0x00001636       0x58 ./EXIT_program.o
                0x00001636                EXIT2_voidTriggerEdge
 .text.EXTI0_voidSetCallBack
                0x0000168e       0x24 ./EXIT_program.o
                0x0000168e                EXTI0_voidSetCallBack
 .text.EXTI1_voidSetCallBack
                0x000016b2       0x24 ./EXIT_program.o
                0x000016b2                EXTI1_voidSetCallBack
 .text.EXTI2_voidSetCallBack
                0x000016d6       0x24 ./EXIT_program.o
                0x000016d6                EXTI2_voidSetCallBack
 .text.__vector_1
                0x000016fa       0x66 ./EXIT_program.o
                0x000016fa                __vector_1
 .text.__vector_2
                0x00001760       0x66 ./EXIT_program.o
                0x00001760                __vector_2
 .text.__vector_3
                0x000017c6       0x66 ./EXIT_program.o
                0x000017c6                __vector_3
 .text.GIE_voidEnable
                0x0000182c       0x1c ./GIE_program.o
                0x0000182c                GIE_voidEnable
 .text.GIE_voidDisable
                0x00001848       0x1c ./GIE_program.o
                0x00001848                GIE_voidDisable
 .text.LCD_voidWriteData
                0x00001864      0x218 ./LCD_program.o
                0x00001864                LCD_voidWriteData
 .text.LCD_voidSendCommand
                0x00001a7c      0x218 ./LCD_program.o
                0x00001a7c                LCD_voidSendCommand
 .text.LCD_voidInit
                0x00001c94      0x3f8 ./LCD_program.o
                0x00001c94                LCD_voidInit
 .text.LCD_voidClearScreen
                0x0000208c      0x110 ./LCD_program.o
                0x0000208c                LCD_voidClearScreen
 .text.LCD_voidWriteString
                0x0000219c       0x52 ./LCD_program.o
                0x0000219c                LCD_voidWriteString
 .text.LCD_voidSetPosition
                0x000021ee       0x36 ./LCD_program.o
                0x000021ee                LCD_voidSetPosition
 .text.LCD_voidDisplayLoop
                0x00002224      0x22c ./LCD_program.o
                0x00002224                LCD_voidDisplayLoop
 .text.LCD_voidWriteNumber
                0x00002450       0xd6 ./LCD_program.o
                0x00002450                LCD_voidWriteNumber
 .text.LCD_voidWriteExtraChar
                0x00002526      0x15c ./LCD_program.o
                0x00002526                LCD_voidWriteExtraChar
 .text.Private_u16GetPower
                0x00002682       0x60 ./LCD_program.o
 .text.TIMER0_voidInit
                0x000026e2       0xf0 ./TIMER0_program.o
                0x000026e2                TIMER0_voidInit
 .text.TIMER0_voidOutputCompareInit
                0x000027d2       0xce ./TIMER0_program.o
                0x000027d2                TIMER0_voidOutputCompareInit
 .text.TIMER0_voidSetTimerCounterValue
                0x000028a0       0x1c ./TIMER0_program.o
                0x000028a0                TIMER0_voidSetTimerCounterValue
 .text.TIMER0_u8GetTimerCounterValue
                0x000028bc       0x14 ./TIMER0_program.o
                0x000028bc                TIMER0_u8GetTimerCounterValue
 .text.TIMER0_voidSetOutputCompareValue
                0x000028d0       0x1c ./TIMER0_program.o
                0x000028d0                TIMER0_voidSetOutputCompareValue
 .text.TIMER0_voidUpdateDutyCycle
                0x000028ec       0x64 ./TIMER0_program.o
                0x000028ec                TIMER0_voidUpdateDutyCycle
 .text.TIMER0_voidOverflowInterruptEnable
                0x00002950       0x1c ./TIMER0_program.o
                0x00002950                TIMER0_voidOverflowInterruptEnable
 .text.TIMER0_voidOverflowInterruptDisable
                0x0000296c       0x1c ./TIMER0_program.o
                0x0000296c                TIMER0_voidOverflowInterruptDisable
 .text.TIMER0_voidCompareMatchnterruptEnable
                0x00002988       0x1c ./TIMER0_program.o
                0x00002988                TIMER0_voidCompareMatchnterruptEnable
 .text.TIMER0_voidCompareMatchInterruptDisable
                0x000029a4       0x1c ./TIMER0_program.o
                0x000029a4                TIMER0_voidCompareMatchInterruptDisable
 .text.TIMER0_voidOverflowSetCallBack
                0x000029c0       0x24 ./TIMER0_program.o
                0x000029c0                TIMER0_voidOverflowSetCallBack
 .text.TIMER0_voidCompareMatchSetCallBack
                0x000029e4       0x24 ./TIMER0_program.o
                0x000029e4                TIMER0_voidCompareMatchSetCallBack
 .text.__vector_10
                0x00002a08       0x66 ./TIMER0_program.o
                0x00002a08                __vector_10
 .text.__vector_11
                0x00002a6e       0x66 ./TIMER0_program.o
                0x00002a6e                __vector_11
 .text.TIMER1_voidInit
                0x00002ad4      0x468 ./TIMER1_program.o
                0x00002ad4                TIMER1_voidInit
 .text.TIMER1_voidOutputCompareInit
                0x00002f3c      0x1d4 ./TIMER1_program.o
                0x00002f3c                TIMER1_voidOutputCompareInit
 .text.TIMER1_u16GetICR1
                0x00003110       0x16 ./TIMER1_program.o
                0x00003110                TIMER1_u16GetICR1
 .text.TIMER1_voidSetOCR1A
                0x00003126       0x24 ./TIMER1_program.o
                0x00003126                TIMER1_voidSetOCR1A
 .text.TIMER1_voidSetOCR1B
                0x0000314a       0x24 ./TIMER1_program.o
                0x0000314a                TIMER1_voidSetOCR1B
 .text.TIMER1_voidSetICR1
                0x0000316e       0x24 ./TIMER1_program.o
                0x0000316e                TIMER1_voidSetICR1
 .text.TIMER1_voidSetTimerValue
                0x00003192       0x24 ./TIMER1_program.o
                0x00003192                TIMER1_voidSetTimerValue
 .text.TIMER1_voidReadTimerValue
                0x000031b6       0x16 ./TIMER1_program.o
                0x000031b6                TIMER1_voidReadTimerValue
 .text.PWM1_voidInit
                0x000031cc       0x1e ./TIMER1_program.o
                0x000031cc                PWM1_voidInit
 .text.PWM1_voidFreqKHZ
                0x000031ea       0x5a ./TIMER1_program.o
                0x000031ea                PWM1_voidFreqKHZ
 .text.PWM1_voidFreqHZ
                0x00003244       0x68 ./TIMER1_program.o
                0x00003244                PWM1_voidFreqHZ
 .text.PWM1_voidDutyCycle
                0x000032ac       0x98 ./TIMER1_program.o
                0x000032ac                PWM1_voidDutyCycle
 .text.TIMER1_voidInputCaptureEdge
                0x00003344       0x56 ./TIMER1_program.o
                0x00003344                TIMER1_voidInputCaptureEdge
 .text.PWM1_voidRead
                0x0000339a      0x12e ./TIMER1_program.o
                0x0000339a                PWM1_voidRead
 .text.Timer1ICU_InterruptAction
                0x000034c8       0x9e ./TIMER1_program.o
 .text.TIMER1_voidSetTime_ms
                0x00003566       0x68 ./TIMER1_program.o
                0x00003566                TIMER1_voidSetTime_ms
 .text.TIMER1_voidSetTime_us
                0x000035ce       0x54 ./TIMER1_program.o
                0x000035ce                TIMER1_voidSetTime_us
 .text.TIMER1_voidICU_InterruptEnable
                0x00003622       0x1c ./TIMER1_program.o
                0x00003622                TIMER1_voidICU_InterruptEnable
 .text.TIMER1_voidICU_InterruptDisable
                0x0000363e       0x1c ./TIMER1_program.o
                0x0000363e                TIMER1_voidICU_InterruptDisable
 .text.TIMER1_voidOVF_InterruptEnable
                0x0000365a       0x1c ./TIMER1_program.o
                0x0000365a                TIMER1_voidOVF_InterruptEnable
 .text.TIMER1_voidOVF_InterruptDisable
                0x00003676       0x1c ./TIMER1_program.o
                0x00003676                TIMER1_voidOVF_InterruptDisable
 .text.TIMER1_voidOCA_InterruptEnable
                0x00003692       0x1c ./TIMER1_program.o
                0x00003692                TIMER1_voidOCA_InterruptEnable
 .text.TIMER1_voidOCA_InterruptDisable
                0x000036ae       0x1c ./TIMER1_program.o
                0x000036ae                TIMER1_voidOCA_InterruptDisable
 .text.TIMER1_voidOCB_InterruptEnable
                0x000036ca       0x1c ./TIMER1_program.o
                0x000036ca                TIMER1_voidOCB_InterruptEnable
 .text.TIMER1_voidOCB_InterruptDisable
                0x000036e6       0x1c ./TIMER1_program.o
                0x000036e6                TIMER1_voidOCB_InterruptDisable
 .text.TIMER1_voidOCB_SetCallBack
                0x00003702       0x24 ./TIMER1_program.o
                0x00003702                TIMER1_voidOCB_SetCallBack
 .text.TIMER1_voidOCA_SetCallBack
                0x00003726       0x24 ./TIMER1_program.o
                0x00003726                TIMER1_voidOCA_SetCallBack
 .text.TIMER1_voidICU_SetCallBack
                0x0000374a       0x24 ./TIMER1_program.o
                0x0000374a                TIMER1_voidICU_SetCallBack
 .text.TIMER1_voidOVF_SetCallBack
                0x0000376e       0x24 ./TIMER1_program.o
                0x0000376e                TIMER1_voidOVF_SetCallBack
 .text.__vector_9
                0x00003792       0x66 ./TIMER1_program.o
                0x00003792                __vector_9
 .text.__vector_7
                0x000037f8       0x66 ./TIMER1_program.o
                0x000037f8                __vector_7
 .text.__vector_8
                0x0000385e       0x66 ./TIMER1_program.o
                0x0000385e                __vector_8
 .text.__vector_6
                0x000038c4       0x66 ./TIMER1_program.o
                0x000038c4                __vector_6
 .text.main     0x0000392a      0x198 ./main.o
                0x0000392a                main
 .text.ICU_SW   0x00003ac2       0x7e ./main.o
                0x00003ac2                ICU_SW
 .text.libgcc   0x00003b40       0x3e f:/courses online/embededd systmes/imt_school/01-imt_avr_diploma/03- imt_tools/imt tools/sdk/imt_sdk_win_64/winavr/bin/../lib/gcc/avr/4.3.3/avr5\libgcc.a(_mulsi3.o)
                0x00003b40                __mulsi3
 .text.libgcc   0x00003b7e       0x28 f:/courses online/embededd systmes/imt_school/01-imt_avr_diploma/03- imt_tools/imt tools/sdk/imt_sdk_win_64/winavr/bin/../lib/gcc/avr/4.3.3/avr5\libgcc.a(_udivmodhi4.o)
                0x00003b7e                __udivmodhi4
 .text.libgcc   0x00003ba6       0x44 f:/courses online/embededd systmes/imt_school/01-imt_avr_diploma/03- imt_tools/imt tools/sdk/imt_sdk_win_64/winavr/bin/../lib/gcc/avr/4.3.3/avr5\libgcc.a(_udivmodsi4.o)
                0x00003ba6                __udivmodsi4
 .text.libgcc   0x00003bea        0x0 f:/courses online/embededd systmes/imt_school/01-imt_avr_diploma/03- imt_tools/imt tools/sdk/imt_sdk_win_64/winavr/bin/../lib/gcc/avr/4.3.3/avr5\libgcc.a(_exit.o)
 .text.libgcc   0x00003bea        0x0 f:/courses online/embededd systmes/imt_school/01-imt_avr_diploma/03- imt_tools/imt tools/sdk/imt_sdk_win_64/winavr/bin/../lib/gcc/avr/4.3.3/avr5\libgcc.a(_copy_data.o)
 .text.libgcc   0x00003bea        0x0 f:/courses online/embededd systmes/imt_school/01-imt_avr_diploma/03- imt_tools/imt tools/sdk/imt_sdk_win_64/winavr/bin/../lib/gcc/avr/4.3.3/avr5\libgcc.a(_clear_bss.o)
 .text.libgcc   0x00003bea       0x38 f:/courses online/embededd systmes/imt_school/01-imt_avr_diploma/03- imt_tools/imt tools/sdk/imt_sdk_win_64/winavr/bin/../lib/gcc/avr/4.3.3/avr5\libgcc.a(_prologue.o)
                0x00003bea                __prologue_saves__
 .text.libgcc   0x00003c22       0x36 f:/courses online/embededd systmes/imt_school/01-imt_avr_diploma/03- imt_tools/imt tools/sdk/imt_sdk_win_64/winavr/bin/../lib/gcc/avr/4.3.3/avr5\libgcc.a(_epilogue.o)
                0x00003c22                __epilogue_restores__
                0x00003c58                . = ALIGN (0x2)
 *(.fini9)
 .fini9         0x00003c58        0x0 f:/courses online/embededd systmes/imt_school/01-imt_avr_diploma/03- imt_tools/imt tools/sdk/imt_sdk_win_64/winavr/bin/../lib/gcc/avr/4.3.3/avr5\libgcc.a(_exit.o)
                0x00003c58                exit
                0x00003c58                _exit
 *(.fini9)
 *(.fini8)
 *(.fini8)
 *(.fini7)
 *(.fini7)
 *(.fini6)
 *(.fini6)
 *(.fini5)
 *(.fini5)
 *(.fini4)
 *(.fini4)
 *(.fini3)
 *(.fini3)
 *(.fini2)
 *(.fini2)
 *(.fini1)
 *(.fini1)
 *(.fini0)
 .fini0         0x00003c58        0x4 f:/courses online/embededd systmes/imt_school/01-imt_avr_diploma/03- imt_tools/imt tools/sdk/imt_sdk_win_64/winavr/bin/../lib/gcc/avr/4.3.3/avr5\libgcc.a(_exit.o)
 *(.fini0)
                0x00003c5c                _etext = .

.data           0x00800060      0x162 load address 0x00003c5c
                0x00800060                PROVIDE (__data_start, .)
 *(.data)
 .data          0x00800060        0x0 f:/courses online/embededd systmes/imt_school/01-imt_avr_diploma/03- imt_tools/imt tools/sdk/imt_sdk_win_64/winavr/bin/../lib/gcc/avr/4.3.3/../../../../avr/lib/avr5/crtm32.o
 .data          0x00800060        0x0 ./DIO_program.o
 .data          0x00800060        0x0 ./EXIT_program.o
 .data          0x00800060        0x0 ./GIE_program.o
 .data          0x00800060        0x0 ./LCD_program.o
 .data          0x00800060        0x0 ./TIMER0_program.o
 .data          0x00800060        0x0 ./TIMER1_program.o
 .data          0x00800060       0x1a ./main.o
 .data          0x0080007a        0x0 f:/courses online/embededd systmes/imt_school/01-imt_avr_diploma/03- imt_tools/imt tools/sdk/imt_sdk_win_64/winavr/bin/../lib/gcc/avr/4.3.3/avr5\libgcc.a(_mulsi3.o)
 .data          0x0080007a        0x0 f:/courses online/embededd systmes/imt_school/01-imt_avr_diploma/03- imt_tools/imt tools/sdk/imt_sdk_win_64/winavr/bin/../lib/gcc/avr/4.3.3/avr5\libgcc.a(_udivmodhi4.o)
 .data          0x0080007a        0x0 f:/courses online/embededd systmes/imt_school/01-imt_avr_diploma/03- imt_tools/imt tools/sdk/imt_sdk_win_64/winavr/bin/../lib/gcc/avr/4.3.3/avr5\libgcc.a(_udivmodsi4.o)
 .data          0x0080007a        0x0 f:/courses online/embededd systmes/imt_school/01-imt_avr_diploma/03- imt_tools/imt tools/sdk/imt_sdk_win_64/winavr/bin/../lib/gcc/avr/4.3.3/avr5\libgcc.a(_exit.o)
 .data          0x0080007a        0x0 f:/courses online/embededd systmes/imt_school/01-imt_avr_diploma/03- imt_tools/imt tools/sdk/imt_sdk_win_64/winavr/bin/../lib/gcc/avr/4.3.3/avr5\libgcc.a(_copy_data.o)
 .data          0x0080007a        0x0 f:/courses online/embededd systmes/imt_school/01-imt_avr_diploma/03- imt_tools/imt tools/sdk/imt_sdk_win_64/winavr/bin/../lib/gcc/avr/4.3.3/avr5\libgcc.a(_clear_bss.o)
 .data          0x0080007a        0x0 f:/courses online/embededd systmes/imt_school/01-imt_avr_diploma/03- imt_tools/imt tools/sdk/imt_sdk_win_64/winavr/bin/../lib/gcc/avr/4.3.3/avr5\libgcc.a(_fixunssfsi.o)
 .data          0x0080007a        0x0 f:/courses online/embededd systmes/imt_school/01-imt_avr_diploma/03- imt_tools/imt tools/sdk/imt_sdk_win_64/winavr/bin/../lib/gcc/avr/4.3.3/avr5\libgcc.a(_addsub_sf.o)
 .data          0x0080007a        0x0 f:/courses online/embededd systmes/imt_school/01-imt_avr_diploma/03- imt_tools/imt tools/sdk/imt_sdk_win_64/winavr/bin/../lib/gcc/avr/4.3.3/avr5\libgcc.a(_mul_sf.o)
 .data          0x0080007a        0x0 f:/courses online/embededd systmes/imt_school/01-imt_avr_diploma/03- imt_tools/imt tools/sdk/imt_sdk_win_64/winavr/bin/../lib/gcc/avr/4.3.3/avr5\libgcc.a(_gt_sf.o)
 .data          0x0080007a        0x0 f:/courses online/embededd systmes/imt_school/01-imt_avr_diploma/03- imt_tools/imt tools/sdk/imt_sdk_win_64/winavr/bin/../lib/gcc/avr/4.3.3/avr5\libgcc.a(_ge_sf.o)
 .data          0x0080007a        0x0 f:/courses online/embededd systmes/imt_school/01-imt_avr_diploma/03- imt_tools/imt tools/sdk/imt_sdk_win_64/winavr/bin/../lib/gcc/avr/4.3.3/avr5\libgcc.a(_lt_sf.o)
 .data          0x0080007a        0x0 f:/courses online/embededd systmes/imt_school/01-imt_avr_diploma/03- imt_tools/imt tools/sdk/imt_sdk_win_64/winavr/bin/../lib/gcc/avr/4.3.3/avr5\libgcc.a(_sf_to_si.o)
 .data          0x0080007a        0x8 f:/courses online/embededd systmes/imt_school/01-imt_avr_diploma/03- imt_tools/imt tools/sdk/imt_sdk_win_64/winavr/bin/../lib/gcc/avr/4.3.3/avr5\libgcc.a(_thenan_sf.o)
                0x0080007a                __thenan_sf
 .data          0x00800082        0x0 f:/courses online/embededd systmes/imt_school/01-imt_avr_diploma/03- imt_tools/imt tools/sdk/imt_sdk_win_64/winavr/bin/../lib/gcc/avr/4.3.3/avr5\libgcc.a(_usi_to_sf.o)
 .data          0x00800082        0x0 f:/courses online/embededd systmes/imt_school/01-imt_avr_diploma/03- imt_tools/imt tools/sdk/imt_sdk_win_64/winavr/bin/../lib/gcc/avr/4.3.3/avr5\libgcc.a(_prologue.o)
 .data          0x00800082        0x0 f:/courses online/embededd systmes/imt_school/01-imt_avr_diploma/03- imt_tools/imt tools/sdk/imt_sdk_win_64/winavr/bin/../lib/gcc/avr/4.3.3/avr5\libgcc.a(_epilogue.o)
 .data          0x00800082        0x0 f:/courses online/embededd systmes/imt_school/01-imt_avr_diploma/03- imt_tools/imt tools/sdk/imt_sdk_win_64/winavr/bin/../lib/gcc/avr/4.3.3/avr5\libgcc.a(_clzsi2.o)
 .data          0x00800082        0x0 f:/courses online/embededd systmes/imt_school/01-imt_avr_diploma/03- imt_tools/imt tools/sdk/imt_sdk_win_64/winavr/bin/../lib/gcc/avr/4.3.3/avr5\libgcc.a(_pack_sf.o)
 .data          0x00800082        0x0 f:/courses online/embededd systmes/imt_school/01-imt_avr_diploma/03- imt_tools/imt tools/sdk/imt_sdk_win_64/winavr/bin/../lib/gcc/avr/4.3.3/avr5\libgcc.a(_unpack_sf.o)
 .data          0x00800082        0x0 f:/courses online/embededd systmes/imt_school/01-imt_avr_diploma/03- imt_tools/imt tools/sdk/imt_sdk_win_64/winavr/bin/../lib/gcc/avr/4.3.3/avr5\libgcc.a(_fpcmp_parts_sf.o)
 .data          0x00800082      0x100 f:/courses online/embededd systmes/imt_school/01-imt_avr_diploma/03- imt_tools/imt tools/sdk/imt_sdk_win_64/winavr/bin/../lib/gcc/avr/4.3.3/avr5\libgcc.a(_clz.o)
                0x00800082                __clz_tab
 *(.data*)
 *(.rodata)
 *(.rodata*)
 .rodata.ExtraChar
                0x00800182       0x40 ./LCD_program.o
                0x00800182                ExtraChar
 *(.gnu.linkonce.d*)
                0x008001c2                . = ALIGN (0x2)
                0x008001c2                _edata = .
                0x008001c2                PROVIDE (__data_end, .)

.bss            0x008001c2       0x1f
                0x008001c2                PROVIDE (__bss_start, .)
 *(.bss)
 .bss           0x008001c2        0x0 f:/courses online/embededd systmes/imt_school/01-imt_avr_diploma/03- imt_tools/imt tools/sdk/imt_sdk_win_64/winavr/bin/../lib/gcc/avr/4.3.3/../../../../avr/lib/avr5/crtm32.o
 .bss           0x008001c2        0x0 ./DIO_program.o
 .bss           0x008001c2        0x0 ./EXIT_program.o
 .bss           0x008001c2        0x0 ./GIE_program.o
 .bss           0x008001c2        0x0 ./LCD_program.o
 .bss           0x008001c2        0x0 ./TIMER0_program.o
 .bss           0x008001c2        0x0 ./TIMER1_program.o
 .bss           0x008001c2        0x0 ./main.o
 .bss           0x008001c2        0x0 f:/courses online/embededd systmes/imt_school/01-imt_avr_diploma/03- imt_tools/imt tools/sdk/imt_sdk_win_64/winavr/bin/../lib/gcc/avr/4.3.3/avr5\libgcc.a(_mulsi3.o)
 .bss           0x008001c2        0x0 f:/courses online/embededd systmes/imt_school/01-imt_avr_diploma/03- imt_tools/imt tools/sdk/imt_sdk_win_64/winavr/bin/../lib/gcc/avr/4.3.3/avr5\libgcc.a(_udivmodhi4.o)
 .bss           0x008001c2        0x0 f:/courses online/embededd systmes/imt_school/01-imt_avr_diploma/03- imt_tools/imt tools/sdk/imt_sdk_win_64/winavr/bin/../lib/gcc/avr/4.3.3/avr5\libgcc.a(_udivmodsi4.o)
 .bss           0x008001c2        0x0 f:/courses online/embededd systmes/imt_school/01-imt_avr_diploma/03- imt_tools/imt tools/sdk/imt_sdk_win_64/winavr/bin/../lib/gcc/avr/4.3.3/avr5\libgcc.a(_exit.o)
 .bss           0x008001c2        0x0 f:/courses online/embededd systmes/imt_school/01-imt_avr_diploma/03- imt_tools/imt tools/sdk/imt_sdk_win_64/winavr/bin/../lib/gcc/avr/4.3.3/avr5\libgcc.a(_copy_data.o)
 .bss           0x008001c2        0x0 f:/courses online/embededd systmes/imt_school/01-imt_avr_diploma/03- imt_tools/imt tools/sdk/imt_sdk_win_64/winavr/bin/../lib/gcc/avr/4.3.3/avr5\libgcc.a(_clear_bss.o)
 .bss           0x008001c2        0x0 f:/courses online/embededd systmes/imt_school/01-imt_avr_diploma/03- imt_tools/imt tools/sdk/imt_sdk_win_64/winavr/bin/../lib/gcc/avr/4.3.3/avr5\libgcc.a(_fixunssfsi.o)
 .bss           0x008001c2        0x0 f:/courses online/embededd systmes/imt_school/01-imt_avr_diploma/03- imt_tools/imt tools/sdk/imt_sdk_win_64/winavr/bin/../lib/gcc/avr/4.3.3/avr5\libgcc.a(_addsub_sf.o)
 .bss           0x008001c2        0x0 f:/courses online/embededd systmes/imt_school/01-imt_avr_diploma/03- imt_tools/imt tools/sdk/imt_sdk_win_64/winavr/bin/../lib/gcc/avr/4.3.3/avr5\libgcc.a(_mul_sf.o)
 .bss           0x008001c2        0x0 f:/courses online/embededd systmes/imt_school/01-imt_avr_diploma/03- imt_tools/imt tools/sdk/imt_sdk_win_64/winavr/bin/../lib/gcc/avr/4.3.3/avr5\libgcc.a(_gt_sf.o)
 .bss           0x008001c2        0x0 f:/courses online/embededd systmes/imt_school/01-imt_avr_diploma/03- imt_tools/imt tools/sdk/imt_sdk_win_64/winavr/bin/../lib/gcc/avr/4.3.3/avr5\libgcc.a(_ge_sf.o)
 .bss           0x008001c2        0x0 f:/courses online/embededd systmes/imt_school/01-imt_avr_diploma/03- imt_tools/imt tools/sdk/imt_sdk_win_64/winavr/bin/../lib/gcc/avr/4.3.3/avr5\libgcc.a(_lt_sf.o)
 .bss           0x008001c2        0x0 f:/courses online/embededd systmes/imt_school/01-imt_avr_diploma/03- imt_tools/imt tools/sdk/imt_sdk_win_64/winavr/bin/../lib/gcc/avr/4.3.3/avr5\libgcc.a(_sf_to_si.o)
 .bss           0x008001c2        0x0 f:/courses online/embededd systmes/imt_school/01-imt_avr_diploma/03- imt_tools/imt tools/sdk/imt_sdk_win_64/winavr/bin/../lib/gcc/avr/4.3.3/avr5\libgcc.a(_thenan_sf.o)
 .bss           0x008001c2        0x0 f:/courses online/embededd systmes/imt_school/01-imt_avr_diploma/03- imt_tools/imt tools/sdk/imt_sdk_win_64/winavr/bin/../lib/gcc/avr/4.3.3/avr5\libgcc.a(_usi_to_sf.o)
 .bss           0x008001c2        0x0 f:/courses online/embededd systmes/imt_school/01-imt_avr_diploma/03- imt_tools/imt tools/sdk/imt_sdk_win_64/winavr/bin/../lib/gcc/avr/4.3.3/avr5\libgcc.a(_prologue.o)
 .bss           0x008001c2        0x0 f:/courses online/embededd systmes/imt_school/01-imt_avr_diploma/03- imt_tools/imt tools/sdk/imt_sdk_win_64/winavr/bin/../lib/gcc/avr/4.3.3/avr5\libgcc.a(_epilogue.o)
 .bss           0x008001c2        0x0 f:/courses online/embededd systmes/imt_school/01-imt_avr_diploma/03- imt_tools/imt tools/sdk/imt_sdk_win_64/winavr/bin/../lib/gcc/avr/4.3.3/avr5\libgcc.a(_clzsi2.o)
 .bss           0x008001c2        0x0 f:/courses online/embededd systmes/imt_school/01-imt_avr_diploma/03- imt_tools/imt tools/sdk/imt_sdk_win_64/winavr/bin/../lib/gcc/avr/4.3.3/avr5\libgcc.a(_pack_sf.o)
 .bss           0x008001c2        0x0 f:/courses online/embededd systmes/imt_school/01-imt_avr_diploma/03- imt_tools/imt tools/sdk/imt_sdk_win_64/winavr/bin/../lib/gcc/avr/4.3.3/avr5\libgcc.a(_unpack_sf.o)
 .bss           0x008001c2        0x0 f:/courses online/embededd systmes/imt_school/01-imt_avr_diploma/03- imt_tools/imt tools/sdk/imt_sdk_win_64/winavr/bin/../lib/gcc/avr/4.3.3/avr5\libgcc.a(_fpcmp_parts_sf.o)
 .bss           0x008001c2        0x0 f:/courses online/embededd systmes/imt_school/01-imt_avr_diploma/03- imt_tools/imt tools/sdk/imt_sdk_win_64/winavr/bin/../lib/gcc/avr/4.3.3/avr5\libgcc.a(_clz.o)
 *(.bss*)
 .bss.EXTI0_CallBack
                0x008001c2        0x2 ./EXIT_program.o
 .bss.EXTI1_CallBack
                0x008001c4        0x2 ./EXIT_program.o
 .bss.EXTI2_CallBack
                0x008001c6        0x2 ./EXIT_program.o
 .bss.TIMER0_OverflowCallBack
                0x008001c8        0x2 ./TIMER0_program.o
 .bss.TIMER0_CompareMatchCallBack
                0x008001ca        0x2 ./TIMER0_program.o
 .bss.Global_u16Flag
                0x008001cc        0x2 ./TIMER1_program.o
 .bss.TIMER1_OVF_CallBack
                0x008001ce        0x2 ./TIMER1_program.o
 .bss.TIMER1_OCB_CallBack
                0x008001d0        0x2 ./TIMER1_program.o
 .bss.TIMER1_OCA_CallBack
                0x008001d2        0x2 ./TIMER1_program.o
 .bss.TIMER1_ICU_CallBack
                0x008001d4        0x2 ./TIMER1_program.o
 .bss.Global_u16Time1
                0x008001d6        0x2 ./TIMER1_program.o
 .bss.Global_u16Time2
                0x008001d8        0x2 ./TIMER1_program.o
 .bss.Global_u16Time3
                0x008001da        0x2 ./TIMER1_program.o
 .bss.PeriodTicks
                0x008001dc        0x2 ./main.o
 .bss.OnTicks   0x008001de        0x2 ./main.o
 .bss.Local_u8Counter.1527
                0x008001e0        0x1 ./main.o
 *(COMMON)
                0x008001e1                PROVIDE (__bss_end, .)
                0x00003c5c                __data_load_start = LOADADDR (.data)
                0x00003dbe                __data_load_end = (__data_load_start + SIZEOF (.data))

.noinit         0x008001e1        0x0
                0x008001e1                PROVIDE (__noinit_start, .)
 *(.noinit*)
                0x008001e1                PROVIDE (__noinit_end, .)
                0x008001e1                _end = .
                0x008001e1                PROVIDE (__heap_start, .)

.eeprom         0x00810000        0x0
 *(.eeprom*)
                0x00810000                __eeprom_end = .

.fuse
 *(.fuse)
 *(.lfuse)
 *(.hfuse)
 *(.efuse)

.lock
 *(.lock*)

.signature
 *(.signature*)

.stab           0x00000000     0x3528
 *(.stab)
 .stab          0x00000000      0x690 ./DIO_program.o
 .stab          0x00000690      0x51c ./EXIT_program.o
                                0x5ac (size before relaxing)
 .stab          0x00000bac      0x144 ./GIE_program.o
                                0x1d4 (size before relaxing)
 .stab          0x00000cf0     0x1104 ./LCD_program.o
                               0x1194 (size before relaxing)
 .stab          0x00001df4      0x540 ./TIMER0_program.o
                                0x5d0 (size before relaxing)
 .stab          0x00002334      0xe34 ./TIMER1_program.o
                                0xec4 (size before relaxing)
 .stab          0x00003168      0x3c0 ./main.o
                                0x6d8 (size before relaxing)

.stabstr        0x00000000     0x1f80
 *(.stabstr)
 .stabstr       0x00000000     0x1f80 ./DIO_program.o

.stab.excl
 *(.stab.excl)

.stab.exclstr
 *(.stab.exclstr)

.stab.index
 *(.stab.index)

.stab.indexstr
 *(.stab.indexstr)

.comment
 *(.comment)

.debug
 *(.debug)

.line
 *(.line)

.debug_srcinfo
 *(.debug_srcinfo)

.debug_sfnames
 *(.debug_sfnames)

.debug_aranges  0x00000000      0x180
 *(.debug_aranges)
 .debug_aranges
                0x00000000       0x20 f:/courses online/embededd systmes/imt_school/01-imt_avr_diploma/03- imt_tools/imt tools/sdk/imt_sdk_win_64/winavr/bin/../lib/gcc/avr/4.3.3/avr5\libgcc.a(_fixunssfsi.o)
 .debug_aranges
                0x00000020       0x20 f:/courses online/embededd systmes/imt_school/01-imt_avr_diploma/03- imt_tools/imt tools/sdk/imt_sdk_win_64/winavr/bin/../lib/gcc/avr/4.3.3/avr5\libgcc.a(_addsub_sf.o)
 .debug_aranges
                0x00000040       0x20 f:/courses online/embededd systmes/imt_school/01-imt_avr_diploma/03- imt_tools/imt tools/sdk/imt_sdk_win_64/winavr/bin/../lib/gcc/avr/4.3.3/avr5\libgcc.a(_mul_sf.o)
 .debug_aranges
                0x00000060       0x20 f:/courses online/embededd systmes/imt_school/01-imt_avr_diploma/03- imt_tools/imt tools/sdk/imt_sdk_win_64/winavr/bin/../lib/gcc/avr/4.3.3/avr5\libgcc.a(_gt_sf.o)
 .debug_aranges
                0x00000080       0x20 f:/courses online/embededd systmes/imt_school/01-imt_avr_diploma/03- imt_tools/imt tools/sdk/imt_sdk_win_64/winavr/bin/../lib/gcc/avr/4.3.3/avr5\libgcc.a(_ge_sf.o)
 .debug_aranges
                0x000000a0       0x20 f:/courses online/embededd systmes/imt_school/01-imt_avr_diploma/03- imt_tools/imt tools/sdk/imt_sdk_win_64/winavr/bin/../lib/gcc/avr/4.3.3/avr5\libgcc.a(_lt_sf.o)
 .debug_aranges
                0x000000c0       0x20 f:/courses online/embededd systmes/imt_school/01-imt_avr_diploma/03- imt_tools/imt tools/sdk/imt_sdk_win_64/winavr/bin/../lib/gcc/avr/4.3.3/avr5\libgcc.a(_sf_to_si.o)
 .debug_aranges
                0x000000e0       0x20 f:/courses online/embededd systmes/imt_school/01-imt_avr_diploma/03- imt_tools/imt tools/sdk/imt_sdk_win_64/winavr/bin/../lib/gcc/avr/4.3.3/avr5\libgcc.a(_usi_to_sf.o)
 .debug_aranges
                0x00000100       0x20 f:/courses online/embededd systmes/imt_school/01-imt_avr_diploma/03- imt_tools/imt tools/sdk/imt_sdk_win_64/winavr/bin/../lib/gcc/avr/4.3.3/avr5\libgcc.a(_clzsi2.o)
 .debug_aranges
                0x00000120       0x20 f:/courses online/embededd systmes/imt_school/01-imt_avr_diploma/03- imt_tools/imt tools/sdk/imt_sdk_win_64/winavr/bin/../lib/gcc/avr/4.3.3/avr5\libgcc.a(_pack_sf.o)
 .debug_aranges
                0x00000140       0x20 f:/courses online/embededd systmes/imt_school/01-imt_avr_diploma/03- imt_tools/imt tools/sdk/imt_sdk_win_64/winavr/bin/../lib/gcc/avr/4.3.3/avr5\libgcc.a(_unpack_sf.o)
 .debug_aranges
                0x00000160       0x20 f:/courses online/embededd systmes/imt_school/01-imt_avr_diploma/03- imt_tools/imt tools/sdk/imt_sdk_win_64/winavr/bin/../lib/gcc/avr/4.3.3/avr5\libgcc.a(_fpcmp_parts_sf.o)

.debug_pubnames
                0x00000000      0x1d3
 *(.debug_pubnames)
 .debug_pubnames
                0x00000000       0x23 f:/courses online/embededd systmes/imt_school/01-imt_avr_diploma/03- imt_tools/imt tools/sdk/imt_sdk_win_64/winavr/bin/../lib/gcc/avr/4.3.3/avr5\libgcc.a(_fixunssfsi.o)
 .debug_pubnames
                0x00000023       0x2c f:/courses online/embededd systmes/imt_school/01-imt_avr_diploma/03- imt_tools/imt tools/sdk/imt_sdk_win_64/winavr/bin/../lib/gcc/avr/4.3.3/avr5\libgcc.a(_addsub_sf.o)
 .debug_pubnames
                0x0000004f       0x1f f:/courses online/embededd systmes/imt_school/01-imt_avr_diploma/03- imt_tools/imt tools/sdk/imt_sdk_win_64/winavr/bin/../lib/gcc/avr/4.3.3/avr5\libgcc.a(_mul_sf.o)
 .debug_pubnames
                0x0000006e       0x1e f:/courses online/embededd systmes/imt_school/01-imt_avr_diploma/03- imt_tools/imt tools/sdk/imt_sdk_win_64/winavr/bin/../lib/gcc/avr/4.3.3/avr5\libgcc.a(_gt_sf.o)
 .debug_pubnames
                0x0000008c       0x1e f:/courses online/embededd systmes/imt_school/01-imt_avr_diploma/03- imt_tools/imt tools/sdk/imt_sdk_win_64/winavr/bin/../lib/gcc/avr/4.3.3/avr5\libgcc.a(_ge_sf.o)
 .debug_pubnames
                0x000000aa       0x1e f:/courses online/embededd systmes/imt_school/01-imt_avr_diploma/03- imt_tools/imt tools/sdk/imt_sdk_win_64/winavr/bin/../lib/gcc/avr/4.3.3/avr5\libgcc.a(_lt_sf.o)
 .debug_pubnames
                0x000000c8       0x20 f:/courses online/embededd systmes/imt_school/01-imt_avr_diploma/03- imt_tools/imt tools/sdk/imt_sdk_win_64/winavr/bin/../lib/gcc/avr/4.3.3/avr5\libgcc.a(_sf_to_si.o)
 .debug_pubnames
                0x000000e8       0x22 f:/courses online/embededd systmes/imt_school/01-imt_avr_diploma/03- imt_tools/imt tools/sdk/imt_sdk_win_64/winavr/bin/../lib/gcc/avr/4.3.3/avr5\libgcc.a(_thenan_sf.o)
 .debug_pubnames
                0x0000010a       0x24 f:/courses online/embededd systmes/imt_school/01-imt_avr_diploma/03- imt_tools/imt tools/sdk/imt_sdk_win_64/winavr/bin/../lib/gcc/avr/4.3.3/avr5\libgcc.a(_usi_to_sf.o)
 .debug_pubnames
                0x0000012e       0x1f f:/courses online/embededd systmes/imt_school/01-imt_avr_diploma/03- imt_tools/imt tools/sdk/imt_sdk_win_64/winavr/bin/../lib/gcc/avr/4.3.3/avr5\libgcc.a(_clzsi2.o)
 .debug_pubnames
                0x0000014d       0x1f f:/courses online/embededd systmes/imt_school/01-imt_avr_diploma/03- imt_tools/imt tools/sdk/imt_sdk_win_64/winavr/bin/../lib/gcc/avr/4.3.3/avr5\libgcc.a(_pack_sf.o)
 .debug_pubnames
                0x0000016c       0x21 f:/courses online/embededd systmes/imt_school/01-imt_avr_diploma/03- imt_tools/imt tools/sdk/imt_sdk_win_64/winavr/bin/../lib/gcc/avr/4.3.3/avr5\libgcc.a(_unpack_sf.o)
 .debug_pubnames
                0x0000018d       0x26 f:/courses online/embededd systmes/imt_school/01-imt_avr_diploma/03- imt_tools/imt tools/sdk/imt_sdk_win_64/winavr/bin/../lib/gcc/avr/4.3.3/avr5\libgcc.a(_fpcmp_parts_sf.o)
 .debug_pubnames
                0x000001b3       0x20 f:/courses online/embededd systmes/imt_school/01-imt_avr_diploma/03- imt_tools/imt tools/sdk/imt_sdk_win_64/winavr/bin/../lib/gcc/avr/4.3.3/avr5\libgcc.a(_clz.o)

.debug_info     0x00000000     0x200f
 *(.debug_info)
 .debug_info    0x00000000       0xb1 f:/courses online/embededd systmes/imt_school/01-imt_avr_diploma/03- imt_tools/imt tools/sdk/imt_sdk_win_64/winavr/bin/../lib/gcc/avr/4.3.3/avr5\libgcc.a(_fixunssfsi.o)
 .debug_info    0x000000b1      0x47a f:/courses online/embededd systmes/imt_school/01-imt_avr_diploma/03- imt_tools/imt tools/sdk/imt_sdk_win_64/winavr/bin/../lib/gcc/avr/4.3.3/avr5\libgcc.a(_addsub_sf.o)
 .debug_info    0x0000052b      0x485 f:/courses online/embededd systmes/imt_school/01-imt_avr_diploma/03- imt_tools/imt tools/sdk/imt_sdk_win_64/winavr/bin/../lib/gcc/avr/4.3.3/avr5\libgcc.a(_mul_sf.o)
 .debug_info    0x000009b0      0x27f f:/courses online/embededd systmes/imt_school/01-imt_avr_diploma/03- imt_tools/imt tools/sdk/imt_sdk_win_64/winavr/bin/../lib/gcc/avr/4.3.3/avr5\libgcc.a(_gt_sf.o)
 .debug_info    0x00000c2f      0x27f f:/courses online/embededd systmes/imt_school/01-imt_avr_diploma/03- imt_tools/imt tools/sdk/imt_sdk_win_64/winavr/bin/../lib/gcc/avr/4.3.3/avr5\libgcc.a(_ge_sf.o)
 .debug_info    0x00000eae      0x27f f:/courses online/embededd systmes/imt_school/01-imt_avr_diploma/03- imt_tools/imt tools/sdk/imt_sdk_win_64/winavr/bin/../lib/gcc/avr/4.3.3/avr5\libgcc.a(_lt_sf.o)
 .debug_info    0x0000112d      0x2b0 f:/courses online/embededd systmes/imt_school/01-imt_avr_diploma/03- imt_tools/imt tools/sdk/imt_sdk_win_64/winavr/bin/../lib/gcc/avr/4.3.3/avr5\libgcc.a(_sf_to_si.o)
 .debug_info    0x000013dd      0x12c f:/courses online/embededd systmes/imt_school/01-imt_avr_diploma/03- imt_tools/imt tools/sdk/imt_sdk_win_64/winavr/bin/../lib/gcc/avr/4.3.3/avr5\libgcc.a(_thenan_sf.o)
 .debug_info    0x00001509      0x206 f:/courses online/embededd systmes/imt_school/01-imt_avr_diploma/03- imt_tools/imt tools/sdk/imt_sdk_win_64/winavr/bin/../lib/gcc/avr/4.3.3/avr5\libgcc.a(_usi_to_sf.o)
 .debug_info    0x0000170f      0x117 f:/courses online/embededd systmes/imt_school/01-imt_avr_diploma/03- imt_tools/imt tools/sdk/imt_sdk_win_64/winavr/bin/../lib/gcc/avr/4.3.3/avr5\libgcc.a(_clzsi2.o)
 .debug_info    0x00001826      0x2df f:/courses online/embededd systmes/imt_school/01-imt_avr_diploma/03- imt_tools/imt tools/sdk/imt_sdk_win_64/winavr/bin/../lib/gcc/avr/4.3.3/avr5\libgcc.a(_pack_sf.o)
 .debug_info    0x00001b05      0x251 f:/courses online/embededd systmes/imt_school/01-imt_avr_diploma/03- imt_tools/imt tools/sdk/imt_sdk_win_64/winavr/bin/../lib/gcc/avr/4.3.3/avr5\libgcc.a(_unpack_sf.o)
 .debug_info    0x00001d56      0x210 f:/courses online/embededd systmes/imt_school/01-imt_avr_diploma/03- imt_tools/imt tools/sdk/imt_sdk_win_64/winavr/bin/../lib/gcc/avr/4.3.3/avr5\libgcc.a(_fpcmp_parts_sf.o)
 .debug_info    0x00001f66       0xa9 f:/courses online/embededd systmes/imt_school/01-imt_avr_diploma/03- imt_tools/imt tools/sdk/imt_sdk_win_64/winavr/bin/../lib/gcc/avr/4.3.3/avr5\libgcc.a(_clz.o)
 *(.gnu.linkonce.wi.*)

.debug_abbrev   0x00000000     0x1170
 *(.debug_abbrev)
 .debug_abbrev  0x00000000       0x5d f:/courses online/embededd systmes/imt_school/01-imt_avr_diploma/03- imt_tools/imt tools/sdk/imt_sdk_win_64/winavr/bin/../lib/gcc/avr/4.3.3/avr5\libgcc.a(_fixunssfsi.o)
 .debug_abbrev  0x0000005d      0x1ea f:/courses online/embededd systmes/imt_school/01-imt_avr_diploma/03- imt_tools/imt tools/sdk/imt_sdk_win_64/winavr/bin/../lib/gcc/avr/4.3.3/avr5\libgcc.a(_addsub_sf.o)
 .debug_abbrev  0x00000247      0x21b f:/courses online/embededd systmes/imt_school/01-imt_avr_diploma/03- imt_tools/imt tools/sdk/imt_sdk_win_64/winavr/bin/../lib/gcc/avr/4.3.3/avr5\libgcc.a(_mul_sf.o)
 .debug_abbrev  0x00000462      0x15a f:/courses online/embededd systmes/imt_school/01-imt_avr_diploma/03- imt_tools/imt tools/sdk/imt_sdk_win_64/winavr/bin/../lib/gcc/avr/4.3.3/avr5\libgcc.a(_gt_sf.o)
 .debug_abbrev  0x000005bc      0x15a f:/courses online/embededd systmes/imt_school/01-imt_avr_diploma/03- imt_tools/imt tools/sdk/imt_sdk_win_64/winavr/bin/../lib/gcc/avr/4.3.3/avr5\libgcc.a(_ge_sf.o)
 .debug_abbrev  0x00000716      0x15a f:/courses online/embededd systmes/imt_school/01-imt_avr_diploma/03- imt_tools/imt tools/sdk/imt_sdk_win_64/winavr/bin/../lib/gcc/avr/4.3.3/avr5\libgcc.a(_lt_sf.o)
 .debug_abbrev  0x00000870      0x17f f:/courses online/embededd systmes/imt_school/01-imt_avr_diploma/03- imt_tools/imt tools/sdk/imt_sdk_win_64/winavr/bin/../lib/gcc/avr/4.3.3/avr5\libgcc.a(_sf_to_si.o)
 .debug_abbrev  0x000009ef       0xad f:/courses online/embededd systmes/imt_school/01-imt_avr_diploma/03- imt_tools/imt tools/sdk/imt_sdk_win_64/winavr/bin/../lib/gcc/avr/4.3.3/avr5\libgcc.a(_thenan_sf.o)
 .debug_abbrev  0x00000a9c      0x157 f:/courses online/embededd systmes/imt_school/01-imt_avr_diploma/03- imt_tools/imt tools/sdk/imt_sdk_win_64/winavr/bin/../lib/gcc/avr/4.3.3/avr5\libgcc.a(_usi_to_sf.o)
 .debug_abbrev  0x00000bf3       0xc4 f:/courses online/embededd systmes/imt_school/01-imt_avr_diploma/03- imt_tools/imt tools/sdk/imt_sdk_win_64/winavr/bin/../lib/gcc/avr/4.3.3/avr5\libgcc.a(_clzsi2.o)
 .debug_abbrev  0x00000cb7      0x1c0 f:/courses online/embededd systmes/imt_school/01-imt_avr_diploma/03- imt_tools/imt tools/sdk/imt_sdk_win_64/winavr/bin/../lib/gcc/avr/4.3.3/avr5\libgcc.a(_pack_sf.o)
 .debug_abbrev  0x00000e77      0x154 f:/courses online/embededd systmes/imt_school/01-imt_avr_diploma/03- imt_tools/imt tools/sdk/imt_sdk_win_64/winavr/bin/../lib/gcc/avr/4.3.3/avr5\libgcc.a(_unpack_sf.o)
 .debug_abbrev  0x00000fcb      0x13b f:/courses online/embededd systmes/imt_school/01-imt_avr_diploma/03- imt_tools/imt tools/sdk/imt_sdk_win_64/winavr/bin/../lib/gcc/avr/4.3.3/avr5\libgcc.a(_fpcmp_parts_sf.o)
 .debug_abbrev  0x00001106       0x6a f:/courses online/embededd systmes/imt_school/01-imt_avr_diploma/03- imt_tools/imt tools/sdk/imt_sdk_win_64/winavr/bin/../lib/gcc/avr/4.3.3/avr5\libgcc.a(_clz.o)

.debug_line     0x00000000     0x1001
 *(.debug_line)
 .debug_line    0x00000000       0xa7 f:/courses online/embededd systmes/imt_school/01-imt_avr_diploma/03- imt_tools/imt tools/sdk/imt_sdk_win_64/winavr/bin/../lib/gcc/avr/4.3.3/avr5\libgcc.a(_fixunssfsi.o)
 .debug_line    0x000000a7      0x2af f:/courses online/embededd systmes/imt_school/01-imt_avr_diploma/03- imt_tools/imt tools/sdk/imt_sdk_win_64/winavr/bin/../lib/gcc/avr/4.3.3/avr5\libgcc.a(_addsub_sf.o)
 .debug_line    0x00000356      0x239 f:/courses online/embededd systmes/imt_school/01-imt_avr_diploma/03- imt_tools/imt tools/sdk/imt_sdk_win_64/winavr/bin/../lib/gcc/avr/4.3.3/avr5\libgcc.a(_mul_sf.o)
 .debug_line    0x0000058f       0xd3 f:/courses online/embededd systmes/imt_school/01-imt_avr_diploma/03- imt_tools/imt tools/sdk/imt_sdk_win_64/winavr/bin/../lib/gcc/avr/4.3.3/avr5\libgcc.a(_gt_sf.o)
 .debug_line    0x00000662       0xd3 f:/courses online/embededd systmes/imt_school/01-imt_avr_diploma/03- imt_tools/imt tools/sdk/imt_sdk_win_64/winavr/bin/../lib/gcc/avr/4.3.3/avr5\libgcc.a(_ge_sf.o)
 .debug_line    0x00000735       0xd3 f:/courses online/embededd systmes/imt_school/01-imt_avr_diploma/03- imt_tools/imt tools/sdk/imt_sdk_win_64/winavr/bin/../lib/gcc/avr/4.3.3/avr5\libgcc.a(_lt_sf.o)
 .debug_line    0x00000808      0x109 f:/courses online/embededd systmes/imt_school/01-imt_avr_diploma/03- imt_tools/imt tools/sdk/imt_sdk_win_64/winavr/bin/../lib/gcc/avr/4.3.3/avr5\libgcc.a(_sf_to_si.o)
 .debug_line    0x00000911       0x90 f:/courses online/embededd systmes/imt_school/01-imt_avr_diploma/03- imt_tools/imt tools/sdk/imt_sdk_win_64/winavr/bin/../lib/gcc/avr/4.3.3/avr5\libgcc.a(_thenan_sf.o)
 .debug_line    0x000009a1      0x133 f:/courses online/embededd systmes/imt_school/01-imt_avr_diploma/03- imt_tools/imt tools/sdk/imt_sdk_win_64/winavr/bin/../lib/gcc/avr/4.3.3/avr5\libgcc.a(_usi_to_sf.o)
 .debug_line    0x00000ad4       0xa5 f:/courses online/embededd systmes/imt_school/01-imt_avr_diploma/03- imt_tools/imt tools/sdk/imt_sdk_win_64/winavr/bin/../lib/gcc/avr/4.3.3/avr5\libgcc.a(_clzsi2.o)
 .debug_line    0x00000b79      0x18a f:/courses online/embededd systmes/imt_school/01-imt_avr_diploma/03- imt_tools/imt tools/sdk/imt_sdk_win_64/winavr/bin/../lib/gcc/avr/4.3.3/avr5\libgcc.a(_pack_sf.o)
 .debug_line    0x00000d03      0x14b f:/courses online/embededd systmes/imt_school/01-imt_avr_diploma/03- imt_tools/imt tools/sdk/imt_sdk_win_64/winavr/bin/../lib/gcc/avr/4.3.3/avr5\libgcc.a(_unpack_sf.o)
 .debug_line    0x00000e4e      0x137 f:/courses online/embededd systmes/imt_school/01-imt_avr_diploma/03- imt_tools/imt tools/sdk/imt_sdk_win_64/winavr/bin/../lib/gcc/avr/4.3.3/avr5\libgcc.a(_fpcmp_parts_sf.o)
 .debug_line    0x00000f85       0x7c f:/courses online/embededd systmes/imt_school/01-imt_avr_diploma/03- imt_tools/imt tools/sdk/imt_sdk_win_64/winavr/bin/../lib/gcc/avr/4.3.3/avr5\libgcc.a(_clz.o)

.debug_frame    0x00000000      0x1a0
 *(.debug_frame)
 .debug_frame   0x00000000       0x20 f:/courses online/embededd systmes/imt_school/01-imt_avr_diploma/03- imt_tools/imt tools/sdk/imt_sdk_win_64/winavr/bin/../lib/gcc/avr/4.3.3/avr5\libgcc.a(_fixunssfsi.o)
 .debug_frame   0x00000020       0x40 f:/courses online/embededd systmes/imt_school/01-imt_avr_diploma/03- imt_tools/imt tools/sdk/imt_sdk_win_64/winavr/bin/../lib/gcc/avr/4.3.3/avr5\libgcc.a(_addsub_sf.o)
 .debug_frame   0x00000060       0x20 f:/courses online/embededd systmes/imt_school/01-imt_avr_diploma/03- imt_tools/imt tools/sdk/imt_sdk_win_64/winavr/bin/../lib/gcc/avr/4.3.3/avr5\libgcc.a(_mul_sf.o)
 .debug_frame   0x00000080       0x20 f:/courses online/embededd systmes/imt_school/01-imt_avr_diploma/03- imt_tools/imt tools/sdk/imt_sdk_win_64/winavr/bin/../lib/gcc/avr/4.3.3/avr5\libgcc.a(_gt_sf.o)
 .debug_frame   0x000000a0       0x20 f:/courses online/embededd systmes/imt_school/01-imt_avr_diploma/03- imt_tools/imt tools/sdk/imt_sdk_win_64/winavr/bin/../lib/gcc/avr/4.3.3/avr5\libgcc.a(_ge_sf.o)
 .debug_frame   0x000000c0       0x20 f:/courses online/embededd systmes/imt_school/01-imt_avr_diploma/03- imt_tools/imt tools/sdk/imt_sdk_win_64/winavr/bin/../lib/gcc/avr/4.3.3/avr5\libgcc.a(_lt_sf.o)
 .debug_frame   0x000000e0       0x20 f:/courses online/embededd systmes/imt_school/01-imt_avr_diploma/03- imt_tools/imt tools/sdk/imt_sdk_win_64/winavr/bin/../lib/gcc/avr/4.3.3/avr5\libgcc.a(_sf_to_si.o)
 .debug_frame   0x00000100       0x20 f:/courses online/embededd systmes/imt_school/01-imt_avr_diploma/03- imt_tools/imt tools/sdk/imt_sdk_win_64/winavr/bin/../lib/gcc/avr/4.3.3/avr5\libgcc.a(_usi_to_sf.o)
 .debug_frame   0x00000120       0x20 f:/courses online/embededd systmes/imt_school/01-imt_avr_diploma/03- imt_tools/imt tools/sdk/imt_sdk_win_64/winavr/bin/../lib/gcc/avr/4.3.3/avr5\libgcc.a(_clzsi2.o)
 .debug_frame   0x00000140       0x20 f:/courses online/embededd systmes/imt_school/01-imt_avr_diploma/03- imt_tools/imt tools/sdk/imt_sdk_win_64/winavr/bin/../lib/gcc/avr/4.3.3/avr5\libgcc.a(_pack_sf.o)
 .debug_frame   0x00000160       0x20 f:/courses online/embededd systmes/imt_school/01-imt_avr_diploma/03- imt_tools/imt tools/sdk/imt_sdk_win_64/winavr/bin/../lib/gcc/avr/4.3.3/avr5\libgcc.a(_unpack_sf.o)
 .debug_frame   0x00000180       0x20 f:/courses online/embededd systmes/imt_school/01-imt_avr_diploma/03- imt_tools/imt tools/sdk/imt_sdk_win_64/winavr/bin/../lib/gcc/avr/4.3.3/avr5\libgcc.a(_fpcmp_parts_sf.o)

.debug_str      0x00000000      0x2c1
 *(.debug_str)
 .debug_str     0x00000000       0xbf f:/courses online/embededd systmes/imt_school/01-imt_avr_diploma/03- imt_tools/imt tools/sdk/imt_sdk_win_64/winavr/bin/../lib/gcc/avr/4.3.3/avr5\libgcc.a(_fixunssfsi.o)
                                 0xfe (size before relaxing)
 .debug_str     0x000000bf      0x14d f:/courses online/embededd systmes/imt_school/01-imt_avr_diploma/03- imt_tools/imt tools/sdk/imt_sdk_win_64/winavr/bin/../lib/gcc/avr/4.3.3/avr5\libgcc.a(_addsub_sf.o)
                                0x206 (size before relaxing)
 .debug_str     0x0000020c       0x27 f:/courses online/embededd systmes/imt_school/01-imt_avr_diploma/03- imt_tools/imt tools/sdk/imt_sdk_win_64/winavr/bin/../lib/gcc/avr/4.3.3/avr5\libgcc.a(_mul_sf.o)
                                0x1bf (size before relaxing)
 .debug_str     0x00000233        0x8 f:/courses online/embededd systmes/imt_school/01-imt_avr_diploma/03- imt_tools/imt tools/sdk/imt_sdk_win_64/winavr/bin/../lib/gcc/avr/4.3.3/avr5\libgcc.a(_gt_sf.o)
                                0x195 (size before relaxing)
 .debug_str     0x0000023b        0x8 f:/courses online/embededd systmes/imt_school/01-imt_avr_diploma/03- imt_tools/imt tools/sdk/imt_sdk_win_64/winavr/bin/../lib/gcc/avr/4.3.3/avr5\libgcc.a(_ge_sf.o)
                                0x195 (size before relaxing)
 .debug_str     0x00000243        0x8 f:/courses online/embededd systmes/imt_school/01-imt_avr_diploma/03- imt_tools/imt tools/sdk/imt_sdk_win_64/winavr/bin/../lib/gcc/avr/4.3.3/avr5\libgcc.a(_lt_sf.o)
                                0x195 (size before relaxing)
 .debug_str     0x0000024b        0xa f:/courses online/embededd systmes/imt_school/01-imt_avr_diploma/03- imt_tools/imt tools/sdk/imt_sdk_win_64/winavr/bin/../lib/gcc/avr/4.3.3/avr5\libgcc.a(_sf_to_si.o)
                                0x19e (size before relaxing)
 .debug_str     0x00000000      0x103 f:/courses online/embededd systmes/imt_school/01-imt_avr_diploma/03- imt_tools/imt tools/sdk/imt_sdk_win_64/winavr/bin/../lib/gcc/avr/4.3.3/avr5\libgcc.a(_thenan_sf.o)
 .debug_str     0x00000255       0x21 f:/courses online/embededd systmes/imt_school/01-imt_avr_diploma/03- imt_tools/imt tools/sdk/imt_sdk_win_64/winavr/bin/../lib/gcc/avr/4.3.3/avr5\libgcc.a(_usi_to_sf.o)
                                0x177 (size before relaxing)
 .debug_str     0x00000276       0x20 f:/courses online/embededd systmes/imt_school/01-imt_avr_diploma/03- imt_tools/imt tools/sdk/imt_sdk_win_64/winavr/bin/../lib/gcc/avr/4.3.3/avr5\libgcc.a(_clzsi2.o)
                                0x111 (size before relaxing)
 .debug_str     0x00000296       0x10 f:/courses online/embededd systmes/imt_school/01-imt_avr_diploma/03- imt_tools/imt tools/sdk/imt_sdk_win_64/winavr/bin/../lib/gcc/avr/4.3.3/avr5\libgcc.a(_pack_sf.o)
                                0x19d (size before relaxing)
 .debug_str     0x000002a6        0xb f:/courses online/embededd systmes/imt_school/01-imt_avr_diploma/03- imt_tools/imt tools/sdk/imt_sdk_win_64/winavr/bin/../lib/gcc/avr/4.3.3/avr5\libgcc.a(_unpack_sf.o)
                                0x17f (size before relaxing)
 .debug_str     0x000002b1       0x10 f:/courses online/embededd systmes/imt_school/01-imt_avr_diploma/03- imt_tools/imt tools/sdk/imt_sdk_win_64/winavr/bin/../lib/gcc/avr/4.3.3/avr5\libgcc.a(_fpcmp_parts_sf.o)
                                0x163 (size before relaxing)
 .debug_str     0x00000000       0xf4 f:/courses online/embededd systmes/imt_school/01-imt_avr_diploma/03- imt_tools/imt tools/sdk/imt_sdk_win_64/winavr/bin/../lib/gcc/avr/4.3.3/avr5\libgcc.a(_clz.o)

.debug_loc      0x00000000      0x8ae
 *(.debug_loc)
 .debug_loc     0x00000000       0x34 f:/courses online/embededd systmes/imt_school/01-imt_avr_diploma/03- imt_tools/imt tools/sdk/imt_sdk_win_64/winavr/bin/../lib/gcc/avr/4.3.3/avr5\libgcc.a(_fixunssfsi.o)
 .debug_loc     0x00000034      0x32a f:/courses online/embededd systmes/imt_school/01-imt_avr_diploma/03- imt_tools/imt tools/sdk/imt_sdk_win_64/winavr/bin/../lib/gcc/avr/4.3.3/avr5\libgcc.a(_addsub_sf.o)
 .debug_loc     0x0000035e      0x104 f:/courses online/embededd systmes/imt_school/01-imt_avr_diploma/03- imt_tools/imt tools/sdk/imt_sdk_win_64/winavr/bin/../lib/gcc/avr/4.3.3/avr5\libgcc.a(_mul_sf.o)
 .debug_loc     0x00000462       0x3c f:/courses online/embededd systmes/imt_school/01-imt_avr_diploma/03- imt_tools/imt tools/sdk/imt_sdk_win_64/winavr/bin/../lib/gcc/avr/4.3.3/avr5\libgcc.a(_gt_sf.o)
 .debug_loc     0x0000049e       0x3c f:/courses online/embededd systmes/imt_school/01-imt_avr_diploma/03- imt_tools/imt tools/sdk/imt_sdk_win_64/winavr/bin/../lib/gcc/avr/4.3.3/avr5\libgcc.a(_ge_sf.o)
 .debug_loc     0x000004da       0x3c f:/courses online/embededd systmes/imt_school/01-imt_avr_diploma/03- imt_tools/imt tools/sdk/imt_sdk_win_64/winavr/bin/../lib/gcc/avr/4.3.3/avr5\libgcc.a(_lt_sf.o)
 .debug_loc     0x00000516       0x7e f:/courses online/embededd systmes/imt_school/01-imt_avr_diploma/03- imt_tools/imt tools/sdk/imt_sdk_win_64/winavr/bin/../lib/gcc/avr/4.3.3/avr5\libgcc.a(_sf_to_si.o)
 .debug_loc     0x00000594       0x4c f:/courses online/embededd systmes/imt_school/01-imt_avr_diploma/03- imt_tools/imt tools/sdk/imt_sdk_win_64/winavr/bin/../lib/gcc/avr/4.3.3/avr5\libgcc.a(_usi_to_sf.o)
 .debug_loc     0x000005e0       0x94 f:/courses online/embededd systmes/imt_school/01-imt_avr_diploma/03- imt_tools/imt tools/sdk/imt_sdk_win_64/winavr/bin/../lib/gcc/avr/4.3.3/avr5\libgcc.a(_clzsi2.o)
 .debug_loc     0x00000674      0x13e f:/courses online/embededd systmes/imt_school/01-imt_avr_diploma/03- imt_tools/imt tools/sdk/imt_sdk_win_64/winavr/bin/../lib/gcc/avr/4.3.3/avr5\libgcc.a(_pack_sf.o)
 .debug_loc     0x000007b2       0xac f:/courses online/embededd systmes/imt_school/01-imt_avr_diploma/03- imt_tools/imt tools/sdk/imt_sdk_win_64/winavr/bin/../lib/gcc/avr/4.3.3/avr5\libgcc.a(_unpack_sf.o)
 .debug_loc     0x0000085e       0x50 f:/courses online/embededd systmes/imt_school/01-imt_avr_diploma/03- imt_tools/imt tools/sdk/imt_sdk_win_64/winavr/bin/../lib/gcc/avr/4.3.3/avr5\libgcc.a(_fpcmp_parts_sf.o)

.debug_macinfo
 *(.debug_macinfo)
OUTPUT(Software_ICU.elf elf32-avr)
LOAD linker stubs

.debug_ranges   0x00000000       0x50
 .debug_ranges  0x00000000       0x50 f:/courses online/embededd systmes/imt_school/01-imt_avr_diploma/03- imt_tools/imt tools/sdk/imt_sdk_win_64/winavr/bin/../lib/gcc/avr/4.3.3/avr5\libgcc.a(_mul_sf.o)
